// Jest Snapshot v1, https://goo.gl/fbAQLP

exports[`test footer should render footer correctly 1`] = `
<div>
  <footer
    class="footer"
  >
    <p
      class="header__logo footer__logo"
    >
      netflix
      <span
        class="header__logo header__logo-regular"
      >
        roulette
      </span>
    </p>
  </footer>
</div>
`;
